#
# A fatal error has been detected by the Java Runtime Environment:
#
#  EXCEPTION_UNCAUGHT_CXX_EXCEPTION (0xe06d7363) at pc=0x00007ffde9acb699, pid=3580, tid=5604
#
# JRE version: OpenJDK Runtime Environment Temurin-21.0.9+10 (21.0.9+10) (build 21.0.9+10-LTS)
# Java VM: OpenJDK 64-Bit Server VM Temurin-21.0.9+10 (21.0.9+10-LTS, mixed mode, sharing, tiered, compressed oops, compressed class ptrs, parallel gc, windows-amd64)
# Problematic frame:
# C  [KERNELBASE.dll+0x3b699]
#
# No core dump will be written. Minidumps are not enabled by default on client versions of Windows
#
# If you would like to submit a bug report, please visit:
#   https://github.com/adoptium/adoptium-support/issues
#

---------------  S U M M A R Y ------------

Command Line: --add-modules=ALL-SYSTEM --add-opens=java.base/java.util=ALL-UNNAMED --add-opens=java.base/java.lang=ALL-UNNAMED --add-opens=java.base/sun.nio.fs=ALL-UNNAMED -Declipse.application=org.eclipse.jdt.ls.core.id1 -Dosgi.bundles.defaultStartLevel=4 -Declipse.product=org.eclipse.jdt.ls.core.product -Djava.import.generatesMetadataFilesAtProjectRoot=false -DDetectVMInstallationsJob.disabled=true -Dfile.encoding=utf8 -XX:+UseParallelGC -XX:GCTimeRatio=4 -XX:AdaptiveSizePolicyWeight=90 -Dsun.zip.disableMemoryMapping=true -Xmx2G -Xms100m -Xlog:disable -javaagent:c:\Users\user\.vscode\extensions\redhat.java-1.50.0-win32-x64\lombok\lombok-1.18.39-4050.jar c:\Users\user\.vscode\extensions\redhat.java-1.50.0-win32-x64\server\plugins\org.eclipse.equinox.launcher_1.7.100.v20251111-0406.jar -configuration c:\Users\user\AppData\Roaming\Code\User\globalStorage\redhat.java\1.50.0\config_ss_win -data c:\Users\user\AppData\Roaming\Code\User\workspaceStorage\7be9e866d87c4f2b0daa70cd83ec8dd2\redhat.java\ss_ws --pipe=\\.\pipe\lsp-f42011b124c17b1507c3bf29e75c3c00-sock

Host: Intel(R) Core(TM) i5-3340M CPU @ 2.70GHz, 4 cores, 5G,  Windows 10 , 64 bit Build 19041 (10.0.19041.5438)
Time: Sat Nov 29 08:08:45 2025 India Standard Time elapsed time: 1.396808 seconds (0d 0h 0m 1s)

---------------  T H R E A D  ---------------

Current thread (0x000002ca4161d330):  JavaThread "main"             [_thread_in_vm, id=5604, stack(0x000000fabba00000,0x000000fabbb00000) (1024K)]

Stack: [0x000000fabba00000,0x000000fabbb00000],  sp=0x000000fabbafc520,  free space=1009k
Native frames: (J=compiled Java code, j=interpreted, Vv=VM code, C=native code)
C  [KERNELBASE.dll+0x3b699]
C  [VCRUNTIME140.dll+0x5267]
C  [jimage.dll+0x3223]
C  [jimage.dll+0x29a9]
C  [jimage.dll+0x1413]
C  [jimage.dll+0x1e27]
C  [jimage.dll+0x1ebe]
C  [jimage.dll+0x25f6]
V  [jvm.dll+0x2220e3]
V  [jvm.dll+0x220f96]
V  [jvm.dll+0x82d53d]
V  [jvm.dll+0x82e56b]
V  [jvm.dll+0x82ed50]
V  [jvm.dll+0x21a61b]
V  [jvm.dll+0x20f467]
V  [jvm.dll+0x5b5a0f]
V  [jvm.dll+0x2210ce]
V  [jvm.dll+0x82d53d]
V  [jvm.dll+0x82e56b]
V  [jvm.dll+0x82eb34]
V  [jvm.dll+0x82e7c8]
V  [jvm.dll+0x2716ad]
V  [jvm.dll+0x2718ea]
V  [jvm.dll+0x5d8be7]
V  [jvm.dll+0x5dbbd6]
V  [jvm.dll+0x3e03f2]
V  [jvm.dll+0x3dfaaa]
C  0x000002ca4e098000

The last pc belongs to invokestatic (printed below).
Java frames: (J=compiled Java code, j=interpreted, Vv=VM code)
j  sun.security.pkcs.SignerInfo.makeSigAlg(Lsun/security/x509/AlgorithmId;Lsun/security/x509/AlgorithmId;Z)Ljava/lang/String;+360 java.base@21.0.9
j  sun.security.pkcs.SignerInfo.verify(Lsun/security/pkcs/PKCS7;[B)Lsun/security/pkcs/SignerInfo;+359 java.base@21.0.9
j  sun.security.pkcs.PKCS7.verify(Lsun/security/pkcs/SignerInfo;[B)Lsun/security/pkcs/SignerInfo;+3 java.base@21.0.9
j  sun.security.pkcs.PKCS7.verify([B)[Lsun/security/pkcs/SignerInfo;+27 java.base@21.0.9
j  sun.security.pkcs.SignerInfo.getTimestamp()Ljava/security/Timestamp;+45 java.base@21.0.9
j  sun.security.pkcs.SignerInfo.verify(Lsun/security/pkcs/PKCS7;[B)Lsun/security/pkcs/SignerInfo;+3 java.base@21.0.9
j  sun.security.pkcs.PKCS7.verify(Lsun/security/pkcs/SignerInfo;[B)Lsun/security/pkcs/SignerInfo;+3 java.base@21.0.9
j  sun.security.pkcs.PKCS7.verify([B)[Lsun/security/pkcs/SignerInfo;+27 java.base@21.0.9
j  sun.security.util.SignatureFileVerifier.processImpl(Ljava/util/Hashtable;Ljava/util/List;Ljava/lang/String;)V+62 java.base@21.0.9
j  sun.security.util.SignatureFileVerifier.process(Ljava/util/Hashtable;Ljava/util/List;Ljava/lang/String;)V+12 java.base@21.0.9
j  java.util.jar.JarVerifier.processEntry(Lsun/security/util/ManifestEntryVerifier;)V+397 java.base@21.0.9
j  java.util.jar.JarVerifier.update(I[BIILsun/security/util/ManifestEntryVerifier;)V+39 java.base@21.0.9
j  java.util.jar.JarFile.initializeVerifier()V+164 java.base@21.0.9
j  java.util.jar.JarFile.ensureInitialization()V+36 java.base@21.0.9
j  java.util.jar.JavaUtilJarAccessImpl.ensureInitialization(Ljava/util/jar/JarFile;)V+1 java.base@21.0.9
j  jdk.internal.loader.URLClassPath$JarLoader$2.getManifest()Ljava/util/jar/Manifest;+10 java.base@21.0.9
j  jdk.internal.loader.BuiltinClassLoader.defineClass(Ljava/lang/String;Ljdk/internal/loader/Resource;)Ljava/lang/Class;+29 java.base@21.0.9
j  jdk.internal.loader.BuiltinClassLoader.findClassOnClassPathOrNull(Ljava/lang/String;)Ljava/lang/Class;+37 java.base@21.0.9
j  jdk.internal.loader.BuiltinClassLoader.loadClassOrNull(Ljava/lang/String;Z)Ljava/lang/Class;+111 java.base@21.0.9
j  jdk.internal.loader.BuiltinClassLoader.loadClass(Ljava/lang/String;Z)Ljava/lang/Class;+3 java.base@21.0.9
j  jdk.internal.loader.ClassLoaders$AppClassLoader.loadClass(Ljava/lang/String;Z)Ljava/lang/Class;+36 java.base@21.0.9
j  java.lang.ClassLoader.loadClass(Ljava/lang/String;)Ljava/lang/Class;+3 java.base@21.0.9
v  ~StubRoutines::call_stub 0x000002ca4e08100d
j  java.lang.Class.forName0(Ljava/lang/String;ZLjava/lang/ClassLoader;Ljava/lang/Class;)Ljava/lang/Class;+0 java.base@21.0.9
j  java.lang.Class.forName(Ljava/lang/String;ZLjava/lang/ClassLoader;Ljava/lang/Class;)Ljava/lang/Class;+37 java.base@21.0.9
j  java.lang.Class.forName(Ljava/lang/String;ZLjava/lang/ClassLoader;)Ljava/lang/Class;+20 java.base@21.0.9
j  sun.launcher.LauncherHelper.loadMainClass(ILjava/lang/String;)Ljava/lang/Class;+95 java.base@21.0.9
j  sun.launcher.LauncherHelper.checkAndLoadMain(ZILjava/lang/String;)Ljava/lang/Class;+42 java.base@21.0.9
v  ~StubRoutines::call_stub 0x000002ca4e08100d

siginfo: EXCEPTION_UNCAUGHT_CXX_EXCEPTION (0xe06d7363), ExceptionInformation=0x0000000019930520 0x000000fabbafc680 0x00007ffdde505278 0x00007ffdde500000 


Registers:
RAX=0x0000000000000054, RBX=0x00007ffdde505278, RCX=0x000000fabbafc068, RDX=0x0000000000000000
RSP=0x000000fabbafc520, RBP=0x000000fabbafc7b0, RSI=0x000000fabbafc680, RDI=0x0000000019930520
R8 =0x00007ffd896188c6, R9 =0x000000000000000b, R10=0x00007ffd892e1236, R11=0x0000000000000000
R12=0x0000000000000ddb, R13=0x000002ca5f11c660, R14=0x000002ca5f11c660, R15=0x000002ca5f11c660
RIP=0x00007ffde9acb699, EFLAGS=0x0000000000000202

XMM[0]=0x000002ca5f2a84d8 0x0000000000000000
XMM[1]=0x000002ca4161d330 0x000002ca41625ca0
XMM[2]=0x000000fabbafc878 0x000000fabbafc888
XMM[3]=0x00007ffd8964c296 0x0000000000000000
XMM[4]=0x0000000000000020 0x0000000000000000
XMM[5]=0x0000000000000004 0x0000000000000010
XMM[6]=0x0000000000000000 0x0000000000000000
XMM[7]=0x0000000000000000 0x0000000000000000
XMM[8]=0x0000000000000000 0x0000000000000000
XMM[9]=0x0000000000000000 0x0000000000000000
XMM[10]=0x0000000000000000 0x0000000000000000
XMM[11]=0x0000000000000000 0x0000000000000000
XMM[12]=0x0000000000000000 0x0000000000000000
XMM[13]=0x0000000000000000 0x0000000000000000
XMM[14]=0x0000000000000000 0x0000000000000000
XMM[15]=0x0000000000000000 0x0000000000000000
  MXCSR=0x00001fa0


Register to memory mapping:

RAX=0x0000000000000054 is an unknown value
RBX=0x00007ffdde505278 jimage.dll
RCX=0x000000fabbafc068 is pointing into the stack for thread: 0x000002ca4161d330
RDX=0x0 is null
RSP=0x000000fabbafc520 is pointing into the stack for thread: 0x000002ca4161d330
RBP=0x000000fabbafc7b0 is pointing into the stack for thread: 0x000002ca4161d330
RSI=0x000000fabbafc680 is pointing into the stack for thread: 0x000002ca4161d330
RDI=0x0000000019930520 is an unknown value
R8 =0x00007ffd896188c6 jvm.dll
R9 =0x000000000000000b is an unknown value
R10=0x00007ffd892e1236 jvm.dll
R11=0x0 is null
R12=0x0000000000000ddb is an unknown value
R13=0x000002ca5f11c660 points into unknown readable memory: 0x7361622e6176616a | 6a 61 76 61 2e 62 61 73
R14=0x000002ca5f11c660 points into unknown readable memory: 0x7361622e6176616a | 6a 61 76 61 2e 62 61 73
R15=0x000002ca5f11c660 points into unknown readable memory: 0x7361622e6176616a | 6a 61 76 61 2e 62 61 73

Top of Stack: (sp=0x000000fabbafc520)
0x000000fabbafc520:   00000000d62702a8 00007ffdde505278
0x000000fabbafc530:   000000fabbafc680 0000000000000000
0x000000fabbafc540:   00000001e06d7363 0000000000000000
0x000000fabbafc550:   00007ffde9acb699 000002ca00000004
0x000000fabbafc560:   0000000019930520 000000fabbafc680
0x000000fabbafc570:   00007ffdde505278 00007ffdde500000
0x000000fabbafc580:   000002ca5f11c660 0000000000000ddb
0x000000fabbafc590:   000000fabbafc680 000000fabbafc7b0
0x000000fabbafc5a0:   000000fabbafc620 00007ffdec344a5f
0x000000fabbafc5b0:   0000000019930520 000002ca00000000
0x000000fabbafc5c0:   000000fabbafcd70 00007ffdec361910
0x000000fabbafc5d0:   00007ffdde507000 00007ffdde500000
0x000000fabbafc5e0:   00008568fcea9a87 00007ffde9af045b
0x000000fabbafc5f0:   00007ffdde505278 00007ffdde5e5267
0x000000fabbafc600:   0000396c9c7e6aa7 000002ca46c3800c
0x000000fabbafc610:   0000000000000008 00007ffdea2339ce
0x000000fabbafc620:   00007ffdde500000 0000000019930520
0x000000fabbafc630:   000000fabbafc680 00007ffdde505278
0x000000fabbafc640:   00007ffdde500000 00007ffdea29c8e0
0x000000fabbafc650:   000002ca43e2ae54 00007ffdde503223
0x000000fabbafc660:   0000000000000000 000002ca43e2ae54
0x000000fabbafc670:   0000000000000ddb 000002ca43e2ae54
0x000000fabbafc680:   00007ffdde504478 00007ffdde504488
0x000000fabbafc690:   0000000000000000 00000000d55e0000
0x000000fabbafc6a0:   0000000000000ddb 00007ffdde5029a9
0x000000fabbafc6b0:   0000000000000ddb 000002ca46c3794c
0x000000fabbafc6c0:   00000000d62702a8 00007ffd8964c296
0x000000fabbafc6d0:   000002ca43e2ae54 00007ffdde501413
0x000000fabbafc6e0:   0000000000000188 00007ffd00000160
0x000000fabbafc6f0:   000000fabbafcd70 0000000000000000
0x000000fabbafc700:   0000000000000000 00007ffd8964c296
0x000000fabbafc710:   00000000cafefafa 00000000000006a5 

Instructions: (pc=0x00007ffde9acb699)
0x00007ffde9acb599:   d8 21 00 00 41 0f 44 c0 89 43 24 8b 41 18 89 43
0x00007ffde9acb5a9:   28 65 48 8b 04 25 60 00 00 00 48 8b 48 20 39 79
0x00007ffde9acb5b9:   08 7c 36 41 b9 40 00 00 00 48 89 7c 24 20 4c 8d
0x00007ffde9acb5c9:   44 24 30 48 83 c9 ff 41 8d 51 e5 48 ff 15 4d 0b
0x00007ffde9acb5d9:   1b 00 0f 1f 44 00 00 85 c0 0f 88 a3 6b 09 00 81
0x00007ffde9acb5e9:   7c 24 54 33 00 03 00 72 0f 48 8b 9c 24 80 00 00
0x00007ffde9acb5f9:   00 48 83 c4 70 5f c3 cc 89 7b 2c eb ec cc cc cc
0x00007ffde9acb609:   cc cc cc cc cc cc cc 65 48 8b 04 25 30 00 00 00
0x00007ffde9acb619:   8b 40 68 c3 cc cc cc cc cc cc cc cc cc cc cc cc
0x00007ffde9acb629:   cc cc cc cc cc cc cc 48 81 ec d8 00 00 00 48 8b
0x00007ffde9acb639:   05 62 38 28 00 48 33 c4 48 89 84 24 c0 00 00 00
0x00007ffde9acb649:   48 83 64 24 28 00 48 8d 05 da ff ff ff 83 e2 01
0x00007ffde9acb659:   89 4c 24 20 89 54 24 24 48 89 44 24 30 4d 85 c9
0x00007ffde9acb669:   74 4c b8 0f 00 00 00 48 8d 4c 24 40 44 3b c0 49
0x00007ffde9acb679:   8b d1 44 0f 47 c0 44 89 44 24 38 49 c1 e0 03 e8
0x00007ffde9acb689:   0a 2e 08 00 48 8d 4c 24 20 48 ff 15 6f 0b 1b 00
0x00007ffde9acb699:   0f 1f 44 00 00 48 8b 8c 24 c0 00 00 00 48 33 cc
0x00007ffde9acb6a9:   e8 12 b6 05 00 48 81 c4 d8 00 00 00 c3 cc 83 64
0x00007ffde9acb6b9:   24 38 00 eb cf cc cc cc cc cc cc cc cc cc cc cc
0x00007ffde9acb6c9:   cc cc cc cc cc cc cc 40 53 48 83 ec 30 48 8b d1
0x00007ffde9acb6d9:   48 8d 4c 24 20 e8 d5 cf ff ff 85 c0 74 26 48 8b
0x00007ffde9acb6e9:   4c 24 28 e8 3f 80 ff ff 48 8d 4c 24 20 8b d8 48
0x00007ffde9acb6f9:   ff 15 31 03 1b 00 0f 1f 44 00 00 8b c3 48 83 c4
0x00007ffde9acb709:   30 5b c3 cc 83 c8 ff eb f4 cc cc cc cc cc cc cc
0x00007ffde9acb719:   cc cc cc cc cc cc cc 48 8b c4 48 89 58 10 48 89
0x00007ffde9acb729:   70 18 57 48 83 ec 60 0f 57 c0 0f 11 40 b8 48 8d
0x00007ffde9acb739:   35 72 65 1b 00 33 db 48 85 c9 48 0f 45 f1 48 8b
0x00007ffde9acb749:   d6 48 8d 48 c8 48 ff 15 93 09 1b 00 0f 1f 44 00
0x00007ffde9acb759:   00 8b f8 89 44 24 70 85 c0 78 1f 41 b0 01 48 8d
0x00007ffde9acb769:   54 24 30 48 8d 4c 24 20 48 ff 15 e0 02 1b 00 0f
0x00007ffde9acb779:   1f 44 00 00 8b f8 89 44 24 70 85 ff 0f 88 0d 6a
0x00007ffde9acb789:   09 00 48 83 c8 ff 48 8b c8 48 ff c1 66 39 1c 4e 


Stack slot to memory mapping:

stack at sp + 0 slots: 0x00000000d62702a8 is an oop: [B 
{0x00000000d62702a8} - klass: {type array byte}
 - length: 12719
stack at sp + 1 slots: 0x00007ffdde505278 jimage.dll
stack at sp + 2 slots: 0x000000fabbafc680 is pointing into the stack for thread: 0x000002ca4161d330
stack at sp + 3 slots: 0x0 is null
stack at sp + 4 slots: 0x00000001e06d7363 is an unknown value
stack at sp + 5 slots: 0x0 is null
stack at sp + 6 slots: 0x00007ffde9acb699 KERNELBASE.dll
stack at sp + 7 slots: 0x000002ca00000004 is pointing into metadata

invokestatic  184 invokestatic  [0x000002ca4e097f60, 0x000002ca4e098228]  712 bytes
[MachCode]
  0x000002ca4e097f60: 4883 ec08 | c5fa 1104 | 24eb 1f48 | 83ec 10c5 | fb11 0424 | eb14 4883 | ec10 4889 | 0424 48c7 
  0x000002ca4e097f80: 4424 0800 | 0000 00eb | 0150 4c89 | 6dc0 410f | b755 0148 | 8b4d d0c1 | e202 8b5c | d138 c1eb 
  0x000002ca4e097fa0: 1081 e3ff | 0000 0081 | fbb8 0000 | 000f 84b4 | 0000 00bb | b800 0000 | e805 0000 | 00e9 9900 
  0x000002ca4e097fc0: 0000 488b | d348 8d44 | 2408 4c89 | 6dc0 498b | cfc5 f877 | 4989 afa8 | 0300 0049 | 8987 9803 
  0x000002ca4e097fe0: 0000 4883 | ec20 40f6 | c40f 0f84 | 1900 0000 | 4883 ec08 | 48b8 40fa | 5f89 fd7f | 0000 ffd0 
  0x000002ca4e098000: 4883 c408 | e90c 0000 | 0048 b840 | fa5f 89fd | 7f00 00ff | d048 83c4 | 2049 c787 | 9803 0000 
  0x000002ca4e098020: 0000 0000 | 49c7 87a8 | 0300 0000 | 0000 0049 | c787 a003 | 0000 0000 | 0000 c5f8 | 7749 837f 
  0x000002ca4e098040: 0800 0f84 | 0500 0000 | e9b3 8efe | ff4c 8b6d | c04c 8b75 | c84e 8d74 | f500 c341 | 0fb7 5501 
  0x000002ca4e098060: 488b 4dd0 | c1e2 0248 | 8b5c d140 | 488b 5b08 | 488b 5b08 | 488b 5b18 | 80bb 3101 | 0000 040f 
  0x000002ca4e098080: 840d 0000 | 004c 3bbb | 3801 0000 | 0f85 21ff | ffff 488b | 5cd1 408b | 54d1 50c1 | ea1c 49ba 
  0x000002ca4e0980a0: 40d4 ee89 | fd7f 0000 | 498b 14d2 | 5248 8b45 | d848 85c0 | 0f84 1200 | 0000 4883 | 4008 0148 
  0x000002ca4e0980c0: 8358 0800 | 4883 c010 | 4889 45d8 | 488b 45d8 | 4885 c00f | 843d 0100 | 0080 78f0 | 0a0f 8533 
  0x000002ca4e0980e0: 0100 0048 | 83c0 084c | 8b68 f841 | 83ed 0041 | 83fd 020f | 8c12 0100 | 004c 8b6b | 0845 0fb7 
  0x000002ca4e098100: 6d2e 4c2b | 2841 83ed | 014e 8b6c | ec08 4d85 | ed75 0ef6 | 4008 0175 | 58f0 4883 | 4808 01eb 
  0x000002ca4e098120: 5045 8b6d | 0849 ba00 | 0000 00ca | 0200 004d | 03ea 4d8b | d54c 3368 | 0849 f7c5 | fcff ffff 
  0x000002ca4e098140: 742f 41f6 | c502 7529 | 4883 7808 | 0074 1e48 | 8378 0801 | 7417 4d8b | ea4c 3368 | 0849 f7c5 
  0x000002ca4e098160: fcff ffff | 740b 4883 | 4808 02eb | 044c 8968 | 0848 83c0 | 104c 8b68 | e841 83ed | 0241 83fd 
  0x000002ca4e098180: 020f 8c84 | 0000 004c | 8b6b 0845 | 0fb7 6d2e | 4c2b 2841 | 83ed 014e | 8b6c ec08 | 4d85 ed75 
  0x000002ca4e0981a0: 0ef6 4008 | 0175 58f0 | 4883 4808 | 01eb 5045 | 8b6d 0849 | ba00 0000 | 00ca 0200 | 004d 03ea 
  0x000002ca4e0981c0: 4d8b d54c | 3368 0849 | f7c5 fcff | ffff 742f | 41f6 c502 | 7529 4883 | 7808 0074 | 1e48 8378 
  0x000002ca4e0981e0: 0801 7417 | 4d8b ea4c | 3368 0849 | f7c5 fcff | ffff 740b | 4883 4808 | 02eb 044c | 8968 0848 
  0x000002ca4e098200: 83c0 104c | 8b68 d841 | 83ed 0441 | c1e5 0349 | 03c5 4889 | 45d8 4c8d | 6c24 084c | 896d f0ff 
  0x000002ca4e098220: 6350 660f | 1f44 0000 
[/MachCode]

---------------  P R O C E S S  ---------------

Threads class SMR info:
_java_thread_list=0x000002ca5f2adc70, length=12, elements={
0x000002ca4161d330, 0x000002ca43a0dce0, 0x000002ca5a349bb0, 0x000002ca5a34ea90,
0x000002ca5a34f9a0, 0x000002ca5a353d30, 0x000002ca5a363b90, 0x000002ca5a366470,
0x000002ca5a367510, 0x000002ca5a3627e0, 0x000002ca5f2016d0, 0x000002ca5a3648b0
}

Java Threads: ( => current thread )
=>0x000002ca4161d330 JavaThread "main"                              [_thread_in_vm, id=5604, stack(0x000000fabba00000,0x000000fabbb00000) (1024K)]
  0x000002ca43a0dce0 JavaThread "Reference Handler"          daemon [_thread_blocked, id=5088, stack(0x000000fabbe00000,0x000000fabbf00000) (1024K)]
  0x000002ca5a349bb0 JavaThread "Finalizer"                  daemon [_thread_blocked, id=2172, stack(0x000000fabbf00000,0x000000fabc000000) (1024K)]
  0x000002ca5a34ea90 JavaThread "Signal Dispatcher"          daemon [_thread_blocked, id=14524, stack(0x000000fabc000000,0x000000fabc100000) (1024K)]
  0x000002ca5a34f9a0 JavaThread "Attach Listener"            daemon [_thread_blocked, id=8824, stack(0x000000fabc100000,0x000000fabc200000) (1024K)]
  0x000002ca5a353d30 JavaThread "Service Thread"             daemon [_thread_blocked, id=6232, stack(0x000000fabc200000,0x000000fabc300000) (1024K)]
  0x000002ca5a363b90 JavaThread "Monitor Deflation Thread"   daemon [_thread_blocked, id=10008, stack(0x000000fabc300000,0x000000fabc400000) (1024K)]
  0x000002ca5a366470 JavaThread "C2 CompilerThread0"         daemon [_thread_blocked, id=11132, stack(0x000000fabc400000,0x000000fabc500000) (1024K)]
  0x000002ca5a367510 JavaThread "C1 CompilerThread0"         daemon [_thread_blocked, id=10116, stack(0x000000fabc500000,0x000000fabc600000) (1024K)]
  0x000002ca5a3627e0 JavaThread "Common-Cleaner"             daemon [_thread_blocked, id=8340, stack(0x000000fabc600000,0x000000fabc700000) (1024K)]
  0x000002ca5f2016d0 JavaThread "C2 CompilerThread1"         daemon [_thread_in_native, id=3112, stack(0x000000fabc700000,0x000000fabc800000) (1024K)]
  0x000002ca5a3648b0 JavaThread "Notification Thread"        daemon [_thread_blocked, id=10292, stack(0x000000fabc800000,0x000000fabc900000) (1024K)]
Total: 12

Other Threads:
  0x000002ca5a33f680 VMThread "VM Thread"                           [id=10124, stack(0x000000fabbd00000,0x000000fabbe00000) (1024K)] _threads_hazard_ptr=0x000002ca5f2adc70
  0x000002ca439c9630 WatcherThread "VM Periodic Task Thread"        [id=292, stack(0x000000fabbc00000,0x000000fabbd00000) (1024K)]
  0x000002ca415f5a10 WorkerThread "GC Thread#0"                     [id=6392, stack(0x000000fabbb00000,0x000000fabbc00000) (1024K)]
Total: 3

Threads with active compile tasks:
C2 CompilerThread1  1716  669       4       lombok.patcher.PatchScript::classMatches (41 bytes)
Total: 1

VM state: synchronizing (normal execution)

VM Mutex/Monitor currently owned by a thread:  ([mutex/lock_event])
[0x00007ffd89edd570] Threads_lock - owner thread: 0x000002ca5a33f680

Heap address: 0x0000000080000000, size: 2048 MB, Compressed Oops mode: 32-bit

CDS archive(s) mapped at: [0x000002ca00000000-0x000002ca00ba0000-0x000002ca00ba0000), size 12189696, SharedBaseAddress: 0x000002ca00000000, ArchiveRelocationMode: 1.
Compressed class space mapped at: 0x000002ca01000000-0x000002ca41000000, reserved size: 1073741824
Narrow klass base: 0x000002ca00000000, Narrow klass shift: 0, Narrow klass range: 0x100000000

GC Precious Log:
 CardTable entry size: 512
 CPUs: 4 total, 4 available
 Memory: 6028M
 Large Page Support: Disabled
 NUMA Support: Disabled
 Compressed Oops: Enabled (32-bit)
 Alignments: Space 512K, Generation 512K, Heap 2M
 Heap Min Capacity: 100M
 Heap Initial Capacity: 100M
 Heap Max Capacity: 2G
 Pre-touch: Disabled
 Parallel Workers: 4

Heap:
 PSYoungGen      total 29696K, used 13337K [0x00000000d5580000, 0x00000000d7680000, 0x0000000100000000)
  eden space 25600K, 52% used [0x00000000d5580000,0x00000000d62864d0,0x00000000d6e80000)
  from space 4096K, 0% used [0x00000000d7280000,0x00000000d7280000,0x00000000d7680000)
  to   space 4096K, 0% used [0x00000000d6e80000,0x00000000d6e80000,0x00000000d7280000)
 ParOldGen       total 68608K, used 0K [0x0000000080000000, 0x0000000084300000, 0x00000000d5580000)
  object space 68608K, 0% used [0x0000000080000000,0x0000000080000000,0x0000000084300000)
 Metaspace       used 2425K, committed 2688K, reserved 1114112K
  class space    used 247K, committed 384K, reserved 1048576K

Card table byte_map: [0x000002ca432f0000,0x000002ca43700000] _byte_map_base: 0x000002ca42ef0000

Marking Bits: (ParMarkBitMap*) 0x00007ffd89ee2460
 Begin Bits: [0x000002ca55e00000, 0x000002ca57e00000)
 End Bits:   [0x000002ca57e00000, 0x000002ca59e00000)

Polling page: 0x000002ca41920000

Metaspace:

Usage:
  Non-class:      2.13 MB used.
      Class:    247.86 KB used.
       Both:      2.37 MB used.

Virtual space:
  Non-class space:       64.00 MB reserved,       2.25 MB (  4%) committed,  1 nodes.
      Class space:        1.00 GB reserved,     384.00 KB ( <1%) committed,  1 nodes.
             Both:        1.06 GB reserved,       2.62 MB ( <1%) committed. 

Chunk freelists:
   Non-Class:  11.65 MB
       Class:  15.67 MB
        Both:  27.32 MB

MaxMetaspaceSize: unlimited
CompressedClassSpaceSize: 1.00 GB
Initial GC threshold: 21.00 MB
Current GC threshold: 21.00 MB
CDS: on
 - commit_granule_bytes: 65536.
 - commit_granule_words: 8192.
 - virtual_space_node_default_size: 8388608.
 - enlarge_chunks_in_place: 1.
 - use_allocation_guard: 0.


Internal statistics:

num_allocs_failed_limit: 0.
num_arena_births: 80.
num_arena_deaths: 0.
num_vsnodes_births: 2.
num_vsnodes_deaths: 0.
num_space_committed: 42.
num_space_uncommitted: 0.
num_chunks_returned_to_freelist: 0.
num_chunks_taken_from_freelist: 102.
num_chunk_merges: 0.
num_chunk_splits: 72.
num_chunks_enlarged: 46.
num_inconsistent_stats: 0.

CodeHeap 'non-profiled nmethods': size=120000Kb used=264Kb max_used=264Kb free=119735Kb
 bounds [0x000002ca4e620000, 0x000002ca4e890000, 0x000002ca55b50000]
CodeHeap 'profiled nmethods': size=120000Kb used=977Kb max_used=977Kb free=119022Kb
 bounds [0x000002ca46b50000, 0x000002ca46dc0000, 0x000002ca4e080000]
CodeHeap 'non-nmethods': size=5760Kb used=1178Kb max_used=1197Kb free=4581Kb
 bounds [0x000002ca4e080000, 0x000002ca4e2f0000, 0x000002ca4e620000]
CodeCache: size=245760Kb, used=2419Kb, max_used=2438Kb, free=243338Kb
 total_blobs=1113, nmethods=677, adapters=343, full_count=0
Compilation: enabled, stopped_count=0, restarted_count=0

Compilation events (20 events):
Event: 0.960 Thread 0x000002ca5f2016d0 nmethod 648 0x000002ca4e65d410 code [0x000002ca4e65d5a0, 0x000002ca4e65d638]
Event: 0.960 Thread 0x000002ca5f2016d0  649       4       java.lang.CharacterDataLatin1::digit (32 bytes)
Event: 0.961 Thread 0x000002ca5f2016d0 nmethod 649 0x000002ca4e65d710 code [0x000002ca4e65d8a0, 0x000002ca4e65d9c0]
Event: 0.961 Thread 0x000002ca5f2016d0  655       4       java.lang.Character::digit (6 bytes)
Event: 0.962 Thread 0x000002ca5f2016d0 nmethod 655 0x000002ca4e65db10 code [0x000002ca4e65dca0, 0x000002ca4e65ddc8]
Event: 0.963 Thread 0x000002ca5f2016d0  654       4       java.util.Arrays::checkLength (38 bytes)
Event: 0.963 Thread 0x000002ca5f2016d0 nmethod 654 0x000002ca4e65df10 code [0x000002ca4e65e0a0, 0x000002ca4e65e128]
Event: 0.965 Thread 0x000002ca5f2016d0  669       4       lombok.patcher.PatchScript::classMatches (41 bytes)
Event: 0.967 Thread 0x000002ca5a367510  671       3       sun.security.util.DerInputStream::available (10 bytes)
Event: 0.967 Thread 0x000002ca5a367510 nmethod 671 0x000002ca46c41b10 code [0x000002ca46c41ca0, 0x000002ca46c41db0]
Event: 0.969 Thread 0x000002ca5a367510  672       3       java.util.jar.Manifest$FastInputStream::readLine (296 bytes)
Event: 0.970 Thread 0x000002ca5a367510 nmethod 672 0x000002ca46c41e10 code [0x000002ca46c42040, 0x000002ca46c428a8]
Event: 0.972 Thread 0x000002ca5a367510  673       3       java.util.Objects::checkFromIndexSize (8 bytes)
Event: 0.972 Thread 0x000002ca5a367510 nmethod 673 0x000002ca46c42c10 code [0x000002ca46c42dc0, 0x000002ca46c42fc8]
Event: 1.011 Thread 0x000002ca5a367510  675       3       sun.invoke.util.Wrapper::forPrimitiveType (122 bytes)
Event: 1.012 Thread 0x000002ca5a367510 nmethod 675 0x000002ca46c43110 code [0x000002ca46c433e0, 0x000002ca46c43ec0]
Event: 1.013 Thread 0x000002ca5a367510  677       3       java.lang.Integer::rotateRight (9 bytes)
Event: 1.013 Thread 0x000002ca5a367510 nmethod 677 0x000002ca46c44190 code [0x000002ca46c44320, 0x000002ca46c44420]
Event: 1.074 Thread 0x000002ca5a366470 nmethod 643 0x000002ca4e65ec10 code [0x000002ca4e65eec0, 0x000002ca4e6603e0]
Event: 1.075 Thread 0x000002ca5a366470  670       4       java.util.Collections$UnmodifiableCollection::iterator (9 bytes)

GC Heap History (0 events):
No events

Dll operation events (8 events):
Event: 0.024 Loaded shared library c:\Users\user\.vscode\extensions\redhat.java-1.50.0-win32-x64\jre\21.0.9-win32-x86_64\bin\java.dll
Event: 0.222 Loaded shared library c:\Users\user\.vscode\extensions\redhat.java-1.50.0-win32-x64\jre\21.0.9-win32-x86_64\bin\zip.dll
Event: 0.324 Loaded shared library C:\Users\user\.vscode\extensions\redhat.java-1.50.0-win32-x64\jre\21.0.9-win32-x86_64\bin\instrument.dll
Event: 0.339 Loaded shared library C:\Users\user\.vscode\extensions\redhat.java-1.50.0-win32-x64\jre\21.0.9-win32-x86_64\bin\net.dll
Event: 0.344 Loaded shared library C:\Users\user\.vscode\extensions\redhat.java-1.50.0-win32-x64\jre\21.0.9-win32-x86_64\bin\nio.dll
Event: 0.349 Loaded shared library C:\Users\user\.vscode\extensions\redhat.java-1.50.0-win32-x64\jre\21.0.9-win32-x86_64\bin\zip.dll
Event: 0.415 Loaded shared library C:\Users\user\.vscode\extensions\redhat.java-1.50.0-win32-x64\jre\21.0.9-win32-x86_64\bin\jimage.dll
Event: 0.549 Loaded shared library c:\Users\user\.vscode\extensions\redhat.java-1.50.0-win32-x64\jre\21.0.9-win32-x86_64\bin\verify.dll

Deoptimization events (20 events):
Event: 0.774 Thread 0x000002ca4161d330 Uncommon trap: trap_request=0xffffffde fr.pc=0x000002ca4e62f6d4 relative=0x0000000000000794
Event: 0.774 Thread 0x000002ca4161d330 Uncommon trap: reason=class_check action=maybe_recompile pc=0x000002ca4e62f6d4 method=java.util.HashMap.putVal(ILjava/lang/Object;Ljava/lang/Object;ZZ)Ljava/lang/Object; @ 152 c2
Event: 0.774 Thread 0x000002ca4161d330 DEOPT PACKING pc=0x000002ca4e62f6d4 sp=0x000000fabbafef40
Event: 0.774 Thread 0x000002ca4161d330 DEOPT UNPACKING pc=0x000002ca4e0d3aa2 sp=0x000000fabbafeea0 mode 2
Event: 0.776 Thread 0x000002ca4161d330 DEOPT PACKING pc=0x000002ca46b86bff sp=0x000000fabbafcbb0
Event: 0.776 Thread 0x000002ca4161d330 DEOPT UNPACKING pc=0x000002ca4e0d4242 sp=0x000000fabbafc060 mode 0
Event: 0.781 Thread 0x000002ca4161d330 DEOPT PACKING pc=0x000002ca46b86cd8 sp=0x000000fabbafc9e0
Event: 0.781 Thread 0x000002ca4161d330 DEOPT UNPACKING pc=0x000002ca4e0d4242 sp=0x000000fabbafbea0 mode 0
Event: 0.786 Thread 0x000002ca4161d330 DEOPT PACKING pc=0x000002ca46b86cd8 sp=0x000000fabbafac20
Event: 0.786 Thread 0x000002ca4161d330 DEOPT UNPACKING pc=0x000002ca4e0d4242 sp=0x000000fabbafa0e0 mode 0
Event: 0.787 Thread 0x000002ca4161d330 DEOPT PACKING pc=0x000002ca46b86cd8 sp=0x000000fabbafaba0
Event: 0.787 Thread 0x000002ca4161d330 DEOPT UNPACKING pc=0x000002ca4e0d4242 sp=0x000000fabbafa060 mode 0
Event: 0.906 Thread 0x000002ca4161d330 Uncommon trap: trap_request=0xffffff45 fr.pc=0x000002ca4e651ffc relative=0x000000000000015c
Event: 0.906 Thread 0x000002ca4161d330 Uncommon trap: reason=unstable_if action=reinterpret pc=0x000002ca4e651ffc method=jdk.internal.util.ArraysSupport.vectorizedHashCode(Ljava/lang/Object;IIII)I @ 2 c2
Event: 0.906 Thread 0x000002ca4161d330 DEOPT PACKING pc=0x000002ca4e651ffc sp=0x000000fabbafcf10
Event: 0.906 Thread 0x000002ca4161d330 DEOPT UNPACKING pc=0x000002ca4e0d3aa2 sp=0x000000fabbafcec0 mode 2
Event: 0.920 Thread 0x000002ca4161d330 Uncommon trap: trap_request=0xffffff45 fr.pc=0x000002ca4e6421f4 relative=0x00000000000000d4
Event: 0.920 Thread 0x000002ca4161d330 Uncommon trap: reason=unstable_if action=reinterpret pc=0x000002ca4e6421f4 method=java.net.URI.match(CJJ)Z @ 45 c2
Event: 0.920 Thread 0x000002ca4161d330 DEOPT PACKING pc=0x000002ca4e6421f4 sp=0x000000fabbafd090
Event: 0.920 Thread 0x000002ca4161d330 DEOPT UNPACKING pc=0x000002ca4e0d3aa2 sp=0x000000fabbafcff8 mode 2

Classes loaded (20 events):
Event: 1.009 Loading class sun/security/provider/SHA2$SHA256
Event: 1.009 Loading class sun/security/provider/SHA2
Event: 1.009 Loading class sun/security/provider/DigestBase
Event: 1.009 Loading class sun/security/provider/DigestBase done
Event: 1.009 Loading class sun/security/provider/SHA2 done
Event: 1.009 Loading class sun/security/provider/SHA2$SHA256 done
Event: 1.010 Loading class java/security/MessageDigest$Delegate
Event: 1.010 Loading class sun/security/util/MessageDigestSpi2
Event: 1.010 Loading class sun/security/util/MessageDigestSpi2 done
Event: 1.010 Loading class java/security/MessageDigest$Delegate done
Event: 1.010 Loading class java/security/MessageDigest$Delegate$CloneableDelegate
Event: 1.010 Loading class java/security/MessageDigest$Delegate$CloneableDelegate done
Event: 1.010 Loading class sun/security/provider/ByteArrayAccess
Event: 1.010 Loading class sun/security/provider/ByteArrayAccess done
Event: 1.010 Loading class sun/security/provider/ByteArrayAccess$BE
Event: 1.011 Loading class sun/security/provider/ByteArrayAccess$BE done
Event: 1.073 Loading class sun/security/util/SignatureUtil
Event: 1.074 Loading class sun/security/util/SignatureUtil done
Event: 1.074 Loading class java/security/Signature
Event: 1.075 Loading class java/security/SignatureSpi

Classes unloaded (0 events):
No events

Classes redefined (0 events):
No events

Internal exceptions (12 events):
Event: 0.205 Thread 0x000002ca4161d330 Exception <a 'java/lang/NoSuchMethodError'{0x00000000d57a8eb0}: 'void java.lang.invoke.DirectMethodHandle$Holder.invokeStatic(java.lang.Object, java.lang.Object, java.lang.Object)'> (0x00000000d57a8eb0) 
thrown [s\src\hotspot\share\interpreter\linkResolver.cpp, line 773]
Event: 0.378 Thread 0x000002ca4161d330 Exception <a 'java/lang/NoSuchMethodError'{0x00000000d59113e0}: 'java.lang.Object java.lang.invoke.Invokers$Holder.invokeExact_MT(java.lang.Object, java.lang.Object, java.lang.Object, java.lang.Object, java.lang.Object)'> (0x00000000d59113e0) 
thrown [s\src\hotspot\share\interpreter\linkResolver.cpp, line 773]
Event: 0.473 Thread 0x000002ca4161d330 Exception <a 'java/lang/NoSuchMethodError'{0x00000000d59c9e40}: 'int java.lang.invoke.DirectMethodHandle$Holder.invokeSpecial(java.lang.Object, java.lang.Object, java.lang.Object, int)'> (0x00000000d59c9e40) 
thrown [s\src\hotspot\share\interpreter\linkResolver.cpp, line 773]
Event: 0.479 Thread 0x000002ca4161d330 Exception <a 'java/lang/NoSuchMethodError'{0x00000000d59dc828}: 'java.lang.Object java.lang.invoke.DirectMethodHandle$Holder.invokeStatic(java.lang.Object, java.lang.Object, java.lang.Object, java.lang.Object, int)'> (0x00000000d59dc828) 
thrown [s\src\hotspot\share\interpreter\linkResolver.cpp, line 773]
Event: 0.482 Thread 0x000002ca4161d330 Exception <a 'java/lang/NoSuchMethodError'{0x00000000d59e7cf0}: 'void java.lang.invoke.DelegatingMethodHandle$Holder.reinvoke_L(java.lang.Object, java.lang.Object, java.lang.Object, int, java.lang.Object)'> (0x00000000d59e7cf0) 
thrown [s\src\hotspot\share\interpreter\linkResolver.cpp, line 773]
Event: 0.487 Thread 0x000002ca4161d330 Exception <a 'java/lang/NoSuchMethodError'{0x00000000d59f8640}: 'int java.lang.invoke.DirectMethodHandle$Holder.invokeSpecial(java.lang.Object, java.lang.Object, java.lang.Object)'> (0x00000000d59f8640) 
thrown [s\src\hotspot\share\interpreter\linkResolver.cpp, line 773]
Event: 0.489 Thread 0x000002ca4161d330 Exception <a 'java/lang/NoSuchMethodError'{0x00000000d5a04300}: 'java.lang.Object java.lang.invoke.DirectMethodHandle$Holder.invokeStatic(java.lang.Object, java.lang.Object, int)'> (0x00000000d5a04300) 
thrown [s\src\hotspot\share\interpreter\linkResolver.cpp, line 773]
Event: 0.490 Thread 0x000002ca4161d330 Exception <a 'java/lang/NoSuchMethodError'{0x00000000d5a08c50}: 'void java.lang.invoke.DirectMethodHandle$Holder.invokeStatic(java.lang.Object, java.lang.Object, int, java.lang.Object)'> (0x00000000d5a08c50) 
thrown [s\src\hotspot\share\interpreter\linkResolver.cpp, line 773]
Event: 0.490 Thread 0x000002ca4161d330 Exception <a 'java/lang/NoSuchMethodError'{0x00000000d5a0c7e0}: 'void java.lang.invoke.DirectMethodHandle$Holder.invokeSpecial(java.lang.Object, java.lang.Object, java.lang.Object, int, java.lang.Object)'> (0x00000000d5a0c7e0) 
thrown [s\src\hotspot\share\interpreter\linkResolver.cpp, line 773]
Event: 0.491 Thread 0x000002ca4161d330 Exception <a 'java/lang/NoSuchMethodError'{0x00000000d5a0fc50}: 'void java.lang.invoke.DelegatingMethodHandle$Holder.delegate(java.lang.Object, java.lang.Object, int, java.lang.Object)'> (0x00000000d5a0fc50) 
thrown [s\src\hotspot\share\interpreter\linkResolver.cpp, line 773]
Event: 0.600 Thread 0x000002ca4161d330 Exception <a 'java/lang/NoSuchMethodError'{0x00000000d5bcef00}: 'void java.lang.invoke.DelegatingMethodHandle$Holder.reinvoke_L(java.lang.Object, java.lang.Object, java.lang.Object, int)'> (0x00000000d5bcef00) 
thrown [s\src\hotspot\share\interpreter\linkResolver.cpp, line 773]
Event: 0.892 Thread 0x000002ca4161d330 Exception <a 'java/lang/NoSuchMethodError'{0x00000000d605a5d8}: 'void java.lang.invoke.DirectMethodHandle$Holder.invokeVirtual(java.lang.Object, java.lang.Object)'> (0x00000000d605a5d8) 
thrown [s\src\hotspot\share\interpreter\linkResolver.cpp, line 773]

ZGC Phase Switch (0 events):
No events

VM Operations (4 events):
Event: 0.220 Executing VM operation: HandshakeAllThreads (Deoptimize)
Event: 0.220 Executing VM operation: HandshakeAllThreads (Deoptimize) done
Event: 0.438 Executing VM operation: HandshakeAllThreads (Deoptimize)
Event: 0.438 Executing VM operation: HandshakeAllThreads (Deoptimize) done

Memory protections (0 events):
No events

Nmethod flushes (0 events):
No events

Events (12 events):
Event: 0.047 Thread 0x000002ca4161d330 Thread added: 0x000002ca4161d330
Event: 0.071 Thread 0x000002ca4161d330 Thread added: 0x000002ca43a0dce0
Event: 0.071 Thread 0x000002ca4161d330 Thread added: 0x000002ca5a349bb0
Event: 0.071 Thread 0x000002ca4161d330 Thread added: 0x000002ca5a34ea90
Event: 0.071 Thread 0x000002ca4161d330 Thread added: 0x000002ca5a34f9a0
Event: 0.071 Thread 0x000002ca4161d330 Thread added: 0x000002ca5a353d30
Event: 0.071 Thread 0x000002ca4161d330 Thread added: 0x000002ca5a363b90
Event: 0.072 Thread 0x000002ca4161d330 Thread added: 0x000002ca5a366470
Event: 0.072 Thread 0x000002ca4161d330 Thread added: 0x000002ca5a367510
Event: 0.330 Thread 0x000002ca4161d330 Thread added: 0x000002ca5a3627e0
Event: 0.541 Thread 0x000002ca5a366470 Thread added: 0x000002ca5f2016d0
Event: 0.767 Thread 0x000002ca4161d330 Thread added: 0x000002ca5a3648b0


Dynamic libraries:
0x00007ff7512c0000 - 0x00007ff7512ce000 	c:\Users\user\.vscode\extensions\redhat.java-1.50.0-win32-x64\jre\21.0.9-win32-x86_64\bin\java.exe
0x00007ffdec310000 - 0x00007ffdec508000 	C:\Windows\SYSTEM32\ntdll.dll
0x00007ffdea6a0000 - 0x00007ffdea762000 	C:\Windows\System32\KERNEL32.DLL
0x00007ffde9a90000 - 0x00007ffde9d8f000 	C:\Windows\System32\KERNELBASE.dll
0x00007ffdea230000 - 0x00007ffdea330000 	C:\Windows\System32\ucrtbase.dll
0x00007ffdde5e0000 - 0x00007ffdde5fe000 	c:\Users\user\.vscode\extensions\redhat.java-1.50.0-win32-x64\jre\21.0.9-win32-x86_64\bin\VCRUNTIME140.dll
0x00007ffdde510000 - 0x00007ffdde528000 	c:\Users\user\.vscode\extensions\redhat.java-1.50.0-win32-x64\jre\21.0.9-win32-x86_64\bin\jli.dll
0x00007ffdead00000 - 0x00007ffdeae9d000 	C:\Windows\System32\USER32.dll
0x00007ffde9a60000 - 0x00007ffde9a82000 	C:\Windows\System32\win32u.dll
0x00007ffdd8560000 - 0x00007ffdd87fa000 	C:\Windows\WinSxS\amd64_microsoft.windows.common-controls_6595b64144ccf1df_6.0.19041.4355_none_60b8b9eb71f62e16\COMCTL32.dll
0x00007ffdeac30000 - 0x00007ffdeac5b000 	C:\Windows\System32\GDI32.dll
0x00007ffdeb6f0000 - 0x00007ffdeb78e000 	C:\Windows\System32\msvcrt.dll
0x00007ffdea040000 - 0x00007ffdea15a000 	C:\Windows\System32\gdi32full.dll
0x00007ffdea190000 - 0x00007ffdea22d000 	C:\Windows\System32\msvcp_win.dll
0x00007ffdea570000 - 0x00007ffdea59f000 	C:\Windows\System32\IMM32.DLL
0x000000006d650000 - 0x000000006d65c000 	C:\Program Files (x86)\360\Total Security\safemon\SafeWrapper.dll
0x00007ffdea8b0000 - 0x00007ffdea95f000 	C:\Windows\System32\ADVAPI32.dll
0x00007ffdeac60000 - 0x00007ffdeacff000 	C:\Windows\System32\sechost.dll
0x00007ffdea330000 - 0x00007ffdea453000 	C:\Windows\System32\RPCRT4.dll
0x00007ffdea160000 - 0x00007ffdea187000 	C:\Windows\System32\bcrypt.dll
0x00007ffdde3a0000 - 0x00007ffdde44c000 	C:\Program Files (x86)\360\Total Security\safemon\libzdtp64.dll
0x00007ffdeb7f0000 - 0x00007ffdebf5d000 	C:\Windows\System32\SHELL32.dll
0x00007ffdea850000 - 0x00007ffdea8a5000 	C:\Windows\System32\SHLWAPI.dll
0x00007ffde96e0000 - 0x00007ffde96ea000 	C:\Windows\SYSTEM32\VERSION.dll
0x00007ffde16c0000 - 0x00007ffde16cc000 	c:\Users\user\.vscode\extensions\redhat.java-1.50.0-win32-x64\jre\21.0.9-win32-x86_64\bin\vcruntime140_1.dll
0x00007ffdc7990000 - 0x00007ffdc7a1d000 	c:\Users\user\.vscode\extensions\redhat.java-1.50.0-win32-x64\jre\21.0.9-win32-x86_64\bin\msvcp140.dll
0x00007ffd89220000 - 0x00007ffd89fc0000 	c:\Users\user\.vscode\extensions\redhat.java-1.50.0-win32-x64\jre\21.0.9-win32-x86_64\bin\server\jvm.dll
0x00007ffdeabc0000 - 0x00007ffdeac2b000 	C:\Windows\System32\WS2_32.dll
0x00007ffde8ed0000 - 0x00007ffde8f1b000 	C:\Windows\SYSTEM32\POWRPROF.dll
0x00007ffdd8b50000 - 0x00007ffdd8b77000 	C:\Windows\SYSTEM32\WINMM.dll
0x00007ffde8d40000 - 0x00007ffde8d52000 	C:\Windows\SYSTEM32\UMPDC.dll
0x00007ffde77c0000 - 0x00007ffde77d2000 	C:\Windows\SYSTEM32\kernel.appcore.dll
0x00007ffdde500000 - 0x00007ffdde50a000 	c:\Users\user\.vscode\extensions\redhat.java-1.50.0-win32-x64\jre\21.0.9-win32-x86_64\bin\jimage.dll
0x00007ffde2ac0000 - 0x00007ffde2ca4000 	C:\Windows\SYSTEM32\DBGHELP.DLL
0x00007ffde29a0000 - 0x00007ffde29d4000 	C:\Windows\SYSTEM32\dbgcore.DLL
0x00007ffde9f60000 - 0x00007ffde9fe2000 	C:\Windows\System32\bcryptPrimitives.dll
0x00007ffdde4f0000 - 0x00007ffdde4ff000 	c:\Users\user\.vscode\extensions\redhat.java-1.50.0-win32-x64\jre\21.0.9-win32-x86_64\bin\instrument.dll
0x00007ffdde360000 - 0x00007ffdde380000 	c:\Users\user\.vscode\extensions\redhat.java-1.50.0-win32-x64\jre\21.0.9-win32-x86_64\bin\java.dll
0x00007ffde79c0000 - 0x00007ffde8164000 	C:\Windows\SYSTEM32\windows.storage.dll
0x00007ffdebf70000 - 0x00007ffdec2c5000 	C:\Windows\System32\combase.dll
0x00007ffde9370000 - 0x00007ffde939f000 	C:\Windows\SYSTEM32\Wldp.dll
0x00007ffdea780000 - 0x00007ffdea84d000 	C:\Windows\System32\OLEAUT32.dll
0x00007ffdea4c0000 - 0x00007ffdea56d000 	C:\Windows\System32\SHCORE.dll
0x00007ffde98e0000 - 0x00007ffde9904000 	C:\Windows\SYSTEM32\profapi.dll
0x00007ffdde340000 - 0x00007ffdde358000 	c:\Users\user\.vscode\extensions\redhat.java-1.50.0-win32-x64\jre\21.0.9-win32-x86_64\bin\zip.dll
0x00007ffdde2c0000 - 0x00007ffdde2d0000 	C:\Users\user\.vscode\extensions\redhat.java-1.50.0-win32-x64\jre\21.0.9-win32-x86_64\bin\net.dll
0x00007ffde0ef0000 - 0x00007ffde0ffa000 	C:\Windows\SYSTEM32\WINHTTP.dll
0x00007ffde90d0000 - 0x00007ffde913c000 	C:\Windows\system32\mswsock.dll
0x00007ffdd28b0000 - 0x00007ffdd28c6000 	C:\Users\user\.vscode\extensions\redhat.java-1.50.0-win32-x64\jre\21.0.9-win32-x86_64\bin\nio.dll
0x00007ffdde260000 - 0x00007ffdde270000 	c:\Users\user\.vscode\extensions\redhat.java-1.50.0-win32-x64\jre\21.0.9-win32-x86_64\bin\verify.dll

JVMTI agents:
c:\Users\user\.vscode\extensions\redhat.java-1.50.0-win32-x64\lombok\lombok-1.18.39-4050.jar path:c:\Users\user\.vscode\extensions\redhat.java-1.50.0-win32-x64\jre\21.0.9-win32-x86_64\bin\instrument.dll, loaded, initialized, instrumentlib options:none

dbghelp: loaded successfully - version: 4.0.5 - missing functions: none
symbol engine: initialized successfully - sym options: 0x614 - pdb path: .;c:\Users\user\.vscode\extensions\redhat.java-1.50.0-win32-x64\jre\21.0.9-win32-x86_64\bin;C:\Windows\SYSTEM32;C:\Windows\WinSxS\amd64_microsoft.windows.common-controls_6595b64144ccf1df_6.0.19041.4355_none_60b8b9eb71f62e16;C:\Program Files (x86)\360\Total Security\safemon;c:\Users\user\.vscode\extensions\redhat.java-1.50.0-win32-x64\jre\21.0.9-win32-x86_64\bin\server

VM Arguments:
jvm_args: --add-modules=ALL-SYSTEM --add-opens=java.base/java.util=ALL-UNNAMED --add-opens=java.base/java.lang=ALL-UNNAMED --add-opens=java.base/sun.nio.fs=ALL-UNNAMED -Declipse.application=org.eclipse.jdt.ls.core.id1 -Dosgi.bundles.defaultStartLevel=4 -Declipse.product=org.eclipse.jdt.ls.core.product -Djava.import.generatesMetadataFilesAtProjectRoot=false -DDetectVMInstallationsJob.disabled=true -Dfile.encoding=utf8 -XX:+UseParallelGC -XX:GCTimeRatio=4 -XX:AdaptiveSizePolicyWeight=90 -Dsun.zip.disableMemoryMapping=true -Xmx2G -Xms100m -Xlog:disable -javaagent:c:\Users\user\.vscode\extensions\redhat.java-1.50.0-win32-x64\lombok\lombok-1.18.39-4050.jar 
java_command: c:\Users\user\.vscode\extensions\redhat.java-1.50.0-win32-x64\server\plugins\org.eclipse.equinox.launcher_1.7.100.v20251111-0406.jar -configuration c:\Users\user\AppData\Roaming\Code\User\globalStorage\redhat.java\1.50.0\config_ss_win -data c:\Users\user\AppData\Roaming\Code\User\workspaceStorage\7be9e866d87c4f2b0daa70cd83ec8dd2\redhat.java\ss_ws --pipe=\\.\pipe\lsp-f42011b124c17b1507c3bf29e75c3c00-sock
java_class_path (initial): c:\Users\user\.vscode\extensions\redhat.java-1.50.0-win32-x64\server\plugins\org.eclipse.equinox.launcher_1.7.100.v20251111-0406.jar
Launcher Type: SUN_STANDARD

[Global flags]
    uintx AdaptiveSizePolicyWeight                 = 90                                        {product} {command line}
     intx CICompilerCount                          = 3                                         {product} {ergonomic}
    uintx GCTimeRatio                              = 4                                         {product} {command line}
   size_t InitialHeapSize                          = 104857600                                 {product} {command line}
   size_t MaxHeapSize                              = 2147483648                                {product} {command line}
   size_t MaxNewSize                               = 715653120                                 {product} {ergonomic}
   size_t MinHeapDeltaBytes                        = 524288                                    {product} {ergonomic}
   size_t MinHeapSize                              = 104857600                                 {product} {command line}
   size_t NewSize                                  = 34603008                                  {product} {ergonomic}
    uintx NonNMethodCodeHeapSize                   = 5832780                                {pd product} {ergonomic}
    uintx NonProfiledCodeHeapSize                  = 122912730                              {pd product} {ergonomic}
   size_t OldSize                                  = 70254592                                  {product} {ergonomic}
    uintx ProfiledCodeHeapSize                     = 122912730                              {pd product} {ergonomic}
    uintx ReservedCodeCacheSize                    = 251658240                              {pd product} {ergonomic}
     bool SegmentedCodeCache                       = true                                      {product} {ergonomic}
   size_t SoftMaxHeapSize                          = 2147483648                             {manageable} {ergonomic}
     bool UseCompressedOops                        = true                           {product lp64_product} {ergonomic}
     bool UseLargePagesIndividualAllocation        = false                                  {pd product} {ergonomic}
     bool UseParallelGC                            = true                                      {product} {command line}

Logging:
Log output configuration:
 #0: stdout all=off uptime,level,tags foldmultilines=false
 #1: stderr all=off uptime,level,tags foldmultilines=false

Release file:
JAVA_VERSION="21.0.9" 
MODULES="java.base java.compiler java.datatransfer java.xml java.prefs java.desktop java.instrument java.logging java.management java.security.sasl java.naming java.rmi java.management.rmi java.net.http java.scripting java.security.jgss java.transaction.xa java.sql java.sql.rowset java.xml.crypto java.se java.smartcardio jdk.accessibility jdk.internal.jvmstat jdk.attach jdk.charsets jdk.internal.opt jdk.zipfs jdk.compiler jdk.crypto.ec jdk.crypto.cryptoki jdk.crypto.mscapi jdk.dynalink jdk.internal.ed jdk.editpad jdk.hotspot.agent jdk.httpserver jdk.internal.le jdk.internal.vm.ci jdk.internal.vm.compiler jdk.internal.vm.compiler.management jdk.jartool jdk.javadoc jdk.jcmd jdk.management jdk.management.agent jdk.jconsole jdk.jdeps jdk.jdwp.agent jdk.jdi jdk.jfr jdk.jshell jdk.jsobject jdk.jstatd jdk.localedata jdk.management.jfr jdk.naming.dns jdk.naming.rmi jdk.net jdk.nio.mapmode jdk.random jdk.sctp jdk.security.auth jdk.security.jgss jdk.unsupported jdk.unsupported.desktop jdk.xml.dom" 

Environment Variables:
PATH=C:\Program Files\Common Files\Oracle\Java\javapath;C:\Program Files\Eclipse Adoptium\jdk-8.0.452.9-hotspot\bin;C:\Windows\system32;C:\Windows;C:\Windows\System32\Wbem;C:\Windows\System32\WindowsPowerShell\v1.0\;C:\Windows\System32\OpenSSH\;C:\Program Files\nodejs\;C:\Program Files\Git\cmd;C:\Program Files\MySQL\MySQL Server 8.0\bin;C:\Users\user\Downloads\gradle-9.2.1\bin;C:\Users\user\AppData\Local\Microsoft\WindowsApps;C:\Users\user\AppData\Local\Programs\Microsoft VS Code\bin;C:\Users\user\AppData\Roaming\npm
USERNAME=user
OS=Windows_NT
PROCESSOR_IDENTIFIER=Intel64 Family 6 Model 58 Stepping 9, GenuineIntel
TMP=C:\Users\user\AppData\Local\Temp
TEMP=C:\Users\user\AppData\Local\Temp




Periodic native trim disabled

---------------  S Y S T E M  ---------------

OS:
 Windows 10 , 64 bit Build 19041 (10.0.19041.5438)
OS uptime: 1 days 13:42 hours

CPU: total 4 (initial active 4) (2 cores per cpu, 2 threads per core) family 6 model 58 stepping 9 microcode 0x21, cx8, cmov, fxsr, ht, mmx, sse, sse2, sse3, ssse3, sse4.1, sse4.2, popcnt, tsc, tscinvbit, avx, aes, erms, clmul, vzeroupper, clflush, rdtscp, f16c
Processor Information for the first 4 processors :
  Max Mhz: 2701, Current Mhz: 1900, Mhz Limit: 2701

Memory: 4k page, system-wide physical 6028M (796M free)
TotalPageFile size 6028M (AvailPageFile size 242M)
current process WorkingSet (physical memory assigned to process): 58M, peak: 58M
current process commit charge ("private bytes"): 219M, peak: 219M

vm_info: OpenJDK 64-Bit Server VM (21.0.9+10-LTS) for windows-amd64 JRE (21.0.9+10-LTS), built on 2025-10-21T00:00:00Z by "admin" with unknown MS VC++:1942

END.
